# file opened: Prog3.asm
 1    0000               DEVICE NOSLOT64K
 2    0000               SLDOPT COMMENT WPMEM, LOGPOINT, ASSERTION
 3    0000
 4    0000              ; EFEITO GIROFLEX
 5    0000
 6    0000               ORG 0000H
 7    0000
 8    0000 31 FF 0F      LD SP, 0FFFH
 9    0003
10    0003              carrega_tabela:
11    0003 21 28 00      LD HL, tabela
12    0006 CD 0E 00      CALL loop
13    0009 C3 03 00      JP carrega_tabela
14    000C 3E 00         LD A, 00H
15    000E
16    000E              loop:
17    000E 7E            LD A, (HL)
18    000F 23            INC HL
19    0010 D3 01         OUT (01H), A
20    0012 06 FF         LD B, 00FFH
21    0014 CD 1C 00      CALL delay
22    0017 EE 00         XOR 00H
23    0019 20 F3         JR NZ, loop
24    001B C9            RET
25    001C
26    001C              delay:              ; 1 VEZ? 59+4101 STATES(14,8us+1,03ms=1,045ms) 2 VEZES? 59+39+4101(1,05ms)
27    001C 0E FF         LD C, 00FFH        ; 7 STATES
28    001E CD 24 00      CALL delay2        ; 17 STATES
29    0021 10 F9         DJNZ delay         ; B =! 0 15 STATES,  B=0 8 STATES
30    0023 C9            RET                ; 10 STATES
31    0024
32    0024              delay2:             ; 256 VEZES? 4080+21 STATES = 4101 STATES(1,03ms)
33    0024 0D            DEC C              ; 4 STATES
34    0025 20 FD         JR NZ, delay2      ; SATISFEITO? 12 STATES(Z=0),  SENAO 7 STATES(Z=1)
35    0027 C9            RET
36    0028
37    0028
38    0028              tabela:
39    0028 18 24 42 81   .DB 0018H, 0024H, 0042H, 0081H, 0081H, 0042H, 0024H, 0018H, 00H
39    002C 81 42 24 18
39    0030 00
40    0031
41    0031 76            HALT
42    0032               .END
# file closed: Prog3.asm
